// Vitest Snapshot v1, https://vitest.dev/guide/snapshot.html

exports[`latest model per provider snapshot > matches snapshot 1`] = `
{
  "anthropic": {
    "modelId": "claude-opus-4-7",
    "releaseDate": "2026-04-16",
  },
  "deepseek": {
    "modelId": "deepseek-v4-pro",
    "releaseDate": "2026-04-24",
  },
  "google": {
    "modelId": "gemma-4-31b-it",
    "releaseDate": "2026-04-02",
  },
  "moonshotai": {
    "modelId": "kimi-k2.6",
    "releaseDate": "2026-04-21",
  },
  "openai": {
    "modelId": "gpt-5.5-pro",
    "releaseDate": "2026-04-23",
  },
  "opencode": {
    "modelId": "gpt-5.5-pro",
    "releaseDate": "2026-04-24",
  },
  "openrouter": {
    "modelId": "poolside/laguna-xs.2:free",
    "releaseDate": "2026-04-28",
  },
  "xai": {
    "modelId": "grok-4.3",
    "releaseDate": "2026-05-01",
  },
}
`;
